{
    "Version": 84,
    "Entities": [
        {
            "name": "LightBlueCube2",
            "id": "50e4ddc3-bf96-5e12-a51b-57028cd3673d",
            "type": "Model",
            "modelURL": "atp:/expected/Cube.001.fbx",
            "position": {
                "x": -14.0,
                "y": -25.446176528930664,
                "z": 10.0
            },
            "rotation": {
                "x": 0.0,
                "y": 0.0,
                "z": -0.0,
                "w": 1.0
            },
            "dimensions": {
                "x": 2.0,
                "y": 2.0,
                "z": 2.0
            },
            "shapeType": "static-mesh",
            "userData": "{\"blender_export\":\"50e4ddc3-bf96-5e12-a51b-57028cd3673d\"}, \"grab\":{\"grabbable\":false}}",
            "parentID": "5765e46f-288d-5614-8ea5-a4934750cbe3"
        },
        {
            "name": "LightBlueCube",
            "id": "d8ba20b0-3bcf-5be4-8f81-d632ed554777",
            "type": "Model",
            "modelURL": "atp:/expected/Cube.002.fbx",
            "position": {
                "x": -10.0,
                "y": 0.0,
                "z": 15.0
            },
            "rotation": {
                "x": 0.0,
                "y": 0.0,
                "z": -0.0,
                "w": 1.0
            },
            "dimensions": {
                "x": 2.0,
                "y": 2.0,
                "z": 2.0
            },
            "shapeType": "static-mesh",
            "userData": "{\"blender_export\":\"d8ba20b0-3bcf-5be4-8f81-d632ed554777\"}, \"grab\":{\"grabbable\":false}}"
        },
        {
            "name": "GreenCube",
            "id": "f9e591dd-c142-575b-928b-84b4bcb541e1",
            "type": "Model",
            "modelURL": "atp:/expected/Cube.003.fbx",
            "position": {
                "x": 24.0,
                "y": 30.962947845458984,
                "z": 35.0
            },
            "rotation": {
                "x": 0.0,
                "y": 0.0,
                "z": -0.0,
                "w": 1.0
            },
            "dimensions": {
                "x": 2.0,
                "y": 2.0,
                "z": 2.0
            },
            "shapeType": "static-mesh",
            "userData": "{\"blender_export\":\"f9e591dd-c142-575b-928b-84b4bcb541e1\"}, \"grab\":{\"grabbable\":false}}",
            "parentID": "4dcd9acb-291d-50f1-ad3e-373843268561"
        },
        {
            "name": "RedCube",
            "id": "4dcd9acb-291d-50f1-ad3e-373843268561",
            "type": "Model",
            "modelURL": "atp:/expected/Cube.004.fbx",
            "position": {
                "x": -14.0,
                "y": -10.772252082824707,
                "z": -20.0
            },
            "rotation": {
                "x": 0.0,
                "y": 0.0,
                "z": -0.0,
                "w": 1.0
            },
            "dimensions": {
                "x": 2.0,
                "y": 2.0,
                "z": 2.0
            },
            "shapeType": "static-mesh",
            "userData": "{\"blender_export\":\"4dcd9acb-291d-50f1-ad3e-373843268561\"}, \"grab\":{\"grabbable\":false}}"
        },
        {
            "name": "YelloCube",
            "id": "5765e46f-288d-5614-8ea5-a4934750cbe3",
            "type": "Model",
            "modelURL": "atp:/expected/Cube.005.fbx",
            "position": {
                "x": 14.0,
                "y": 12.723076820373535,
                "z": -10.0
            },
            "rotation": {
                "x": 0.0,
                "y": 0.0,
                "z": -0.0,
                "w": 1.0
            },
            "dimensions": {
                "x": 2.0,
                "y": 2.0,
                "z": 2.0
            },
            "shapeType": "static-mesh",
            "userData": "{\"blender_export\":\"5765e46f-288d-5614-8ea5-a4934750cbe3\"}, \"grab\":{\"grabbable\":false}}"
        }
    ]
}